// Vitest Snapshot v1, https://vitest.dev/guide/snapshot.html

exports[`cli > @unocss-skip uno.css 1`] = `
"/* layer: default */
.w-10{width:2.5rem;}"
`;

exports[`cli > builds uno.css 1`] = `
"/* layer: default */
.max-w-screen-md{max-width:768px;}
.p-4{padding:1rem;}"
`;
